// Jest Snapshot v1, https://goo.gl/fbAQLP

exports[`createSankeyDiagram should build a sankey diagram 1`] = `
<div>
  <svg
    height="450"
    width="940"
  >
    <g>
      <rect
        fill="#1f77b4"
        height="6.32919149224076"
        width="15"
        x="1"
        y="57.6999647402775"
      >
        <title>
          Agricultural 'waste'
125 TWh
        </title>
      </rect>
      <rect
        fill="#ff7f0e"
        height="19.7354328273276"
        width="15"
        x="462.5"
        y="46.77325345316983"
      >
        <title>
          Bio-conversion
389 TWh
        </title>
      </rect>
      <rect
        fill="#2ca02c"
        height="1.8063179336745634"
        width="15"
        x="924"
        y="0.9999999999999392"
      >
        <title>
          Liquid
36 TWh
        </title>
      </rect>
      <rect
        fill="#d62728"
        height="4.239775326918306"
        width="15"
        x="924"
        y="56.75914818504231"
      >
        <title>
          Losses
84 TWh
        </title>
      </rect>
      <rect
        fill="#9467bd"
        height="19.83529612180384"
        width="15"
        x="924"
        y="12.806317933674503"
      >
        <title>
          Solid
391 TWh
        </title>
      </rect>
      <rect
        fill="#8c564b"
        height="4.117534129563964"
        width="15"
        x="924"
        y="42.64161405547834"
      >
        <title>
          Gas
81 TWh
        </title>
      </rect>
      <rect
        fill="#e377c2"
        height="1.7760240379416734"
        width="15"
        x="1"
        y="1.0151469478664108"
      >
        <title>
          Biofuel imports
35 TWh
        </title>
      </rect>
      <rect
        fill="#7f7f7f"
        height="1.7760240379416743"
        width="15"
        x="1"
        y="35.335011131354364"
      >
        <title>
          Biomass imports
35 TWh
        </title>
      </rect>
      <rect
        fill="#bcbd22"
        height="0.5889295709814633"
        width="15"
        x="1"
        y="47.11103516929604"
      >
        <title>
          Coal imports
12 TWh
        </title>
      </rect>
      <rect
        fill="#17becf"
        height="3.834740359179719"
        width="15"
        x="462.5"
        y="24.435510500255706"
      >
        <title>
          Coal
76 TWh
        </title>
      </rect>
      <rect
        fill="#1f77b4"
        height="3.2458107881982627"
        width="15"
        x="1"
        y="22.089200343156097"
      >
        <title>
          Coal reserves
64 TWh
        </title>
      </rect>
      <rect
        fill="#ff7f0e"
        height="4.025383853766783"
        width="15"
        x="1"
        y="178.96100941708096"
      >
        <title>
          District heating
79 TWh
        </title>
      </rect>
      <rect
        fill="#2ca02c"
        height="17.902525276627813"
        width="15"
        x="924"
        y="70.99892351196061"
      >
        <title>
          Industry
353 TWh
        </title>
      </rect>
      <rect
        fill="#d62728"
        height="3.215263174745644"
        width="15"
        x="924"
        y="205.54571661059708"
      >
        <title>
          Heating and cooling - commercial
63 TWh
        </title>
      </rect>
      <rect
        fill="#9467bd"
        height="8.11440011163586"
        width="15"
        x="924"
        y="187.43131649896122"
      >
        <title>
          Heating and cooling - homes
160 TWh
        </title>
      </rect>
      <rect
        fill="#8c564b"
        height="46.613374669185305"
        width="15"
        x="1"
        y="92.21148839306551"
      >
        <title>
          Electricity grid
919 TWh
        </title>
      </rect>
      <rect
        fill="#e377c2"
        height="5.3003153952892035"
        width="15"
        x="924"
        y="98.90144878858843"
      >
        <title>
          Over generation / exports
104 TWh
        </title>
      </rect>
      <rect
        fill="#7f7f7f"
        height="1.3771797825639283"
        width="15"
        x="924"
        y="155.43125971451917"
      >
        <title>
          H2 conversion
27 TWh
        </title>
      </rect>
      <rect
        fill="#bcbd22"
        height="1.9179537303451752"
        width="15"
        x="924"
        y="143.513305984174"
      >
        <title>
          Road transport
38 TWh
        </title>
      </rect>
      <rect
        fill="#17becf"
        height="0.22388051586852953"
        width="15"
        x="924"
        y="166.8084394970831"
      >
        <title>
          Agriculture
4 TWh
        </title>
      </rect>
      <rect
        fill="#1f77b4"
        height="0.3989964860095938"
        width="15"
        x="924"
        y="177.03232001295163"
      >
        <title>
          Rail transport
8 TWh
        </title>
      </rect>
      <rect
        fill="#ff7f0e"
        height="4.567324903058676"
        width="15"
        x="924"
        y="114.20176418387763"
      >
        <title>
          Lighting & appliances - commercial
90 TWh
        </title>
      </rect>
      <rect
        fill="#2ca02c"
        height="4.744216897237692"
        width="15"
        x="924"
        y="128.7690890869363"
      >
        <title>
          Lighting & appliances - homes
93 TWh
        </title>
      </rect>
      <rect
        fill="#d62728"
        height="2.066226365741329"
        width="15"
        x="1"
        y="233.96688681712936"
      >
        <title>
          Gas imports
41 TWh
        </title>
      </rect>
      <rect
        fill="#9467bd"
        height="6.239020214657245"
        width="15"
        x="924"
        y="218.76097978534273"
      >
        <title>
          Ngas
123 TWh
        </title>
      </rect>
      <rect
        fill="#8c564b"
        height="4.172793848915944"
        width="15"
        x="1"
        y="219.79409296821342"
      >
        <title>
          Gas reserves
82 TWh
        </title>
      </rect>
      <rect
        fill="#e377c2"
        height="0"
        width="15"
        x="924"
        y="235"
      >
        <title>
          Thermal generation
0 TWh
        </title>
      </rect>
      <rect
        fill="#7f7f7f"
        height="0"
        width="15"
        x="924"
        y="245"
      >
        <title>
          Geothermal
0 TWh
        </title>
      </rect>
      <rect
        fill="#bcbd22"
        height="0"
        width="15"
        x="924"
        y="255"
      >
        <title>
          H2
0 TWh
        </title>
      </rect>
      <rect
        fill="#17becf"
        height="0"
        width="15"
        x="924"
        y="265"
      >
        <title>
          Hydro
0 TWh
        </title>
      </rect>
      <rect
        fill="#1f77b4"
        height="0"
        width="15"
        x="924"
        y="275"
      >
        <title>
          International shipping
0 TWh
        </title>
      </rect>
      <rect
        fill="#ff7f0e"
        height="0"
        width="15"
        x="924"
        y="285"
      >
        <title>
          Domestic aviation
0 TWh
        </title>
      </rect>
      <rect
        fill="#2ca02c"
        height="0"
        width="15"
        x="924"
        y="295"
      >
        <title>
          International aviation
0 TWh
        </title>
      </rect>
      <rect
        fill="#d62728"
        height="0"
        width="15"
        x="924"
        y="305"
      >
        <title>
          National navigation
0 TWh
        </title>
      </rect>
      <rect
        fill="#9467bd"
        height="0"
        width="15"
        x="924"
        y="315"
      >
        <title>
          Marine algae
0 TWh
        </title>
      </rect>
      <rect
        fill="#8c564b"
        height="0"
        width="15"
        x="924"
        y="325"
      >
        <title>
          Nuclear
0 TWh
        </title>
      </rect>
      <rect
        fill="#e377c2"
        height="0"
        width="15"
        x="924"
        y="335"
      >
        <title>
          Oil imports
0 TWh
        </title>
      </rect>
      <rect
        fill="#7f7f7f"
        height="0"
        width="15"
        x="924"
        y="345"
      >
        <title>
          Oil
0 TWh
        </title>
      </rect>
      <rect
        fill="#bcbd22"
        height="0"
        width="15"
        x="924"
        y="355"
      >
        <title>
          Oil reserves
0 TWh
        </title>
      </rect>
      <rect
        fill="#17becf"
        height="0"
        width="15"
        x="924"
        y="365"
      >
        <title>
          Other waste
0 TWh
        </title>
      </rect>
      <rect
        fill="#1f77b4"
        height="0"
        width="15"
        x="924"
        y="375"
      >
        <title>
          Pumped heat
0 TWh
        </title>
      </rect>
      <rect
        fill="#ff7f0e"
        height="0"
        width="15"
        x="924"
        y="385"
      >
        <title>
          Solar PV
0 TWh
        </title>
      </rect>
      <rect
        fill="#2ca02c"
        height="0"
        width="15"
        x="924"
        y="395"
      >
        <title>
          Solar Thermal
0 TWh
        </title>
      </rect>
      <rect
        fill="#d62728"
        height="0"
        width="15"
        x="924"
        y="405"
      >
        <title>
          Solar
0 TWh
        </title>
      </rect>
      <rect
        fill="#9467bd"
        height="0"
        width="15"
        x="924"
        y="415"
      >
        <title>
          Tidal
0 TWh
        </title>
      </rect>
      <rect
        fill="#8c564b"
        height="0"
        width="15"
        x="924"
        y="425"
      >
        <title>
          UK land based bioenergy
0 TWh
        </title>
      </rect>
      <rect
        fill="#e377c2"
        height="0"
        width="15"
        x="924"
        y="435"
      >
        <title>
          Wave
0 TWh
        </title>
      </rect>
      <rect
        fill="#7f7f7f"
        height="0"
        width="15"
        x="924"
        y="445"
      >
        <title>
          Wind
0 TWh
        </title>
      </rect>
    </g>
    <g
      fill="none"
      stroke-opacity="0.5"
    >
      <g
        style="mix-blend-mode: multiply;"
      >
        <lineargradient
          gradientUnits="userSpaceOnUse"
          x1="16"
          x2="462.5"
        >
          <stop
            offset="0%"
            stop-color="#bcbd22"
          />
          <stop
            offset="100%"
            stop-color="#ff7f0e"
          />
        </lineargradient>
        <path
          d="M16,60.864560486397885C239.25,60.864560486397885,239.25,49.93784919929021,462.5,49.93784919929021"
          stroke="#1f77b4"
          stroke-width="6.329191492240767"
        />
        <title>
          Agricultural 'waste' → Bio-conversion
125 TWh
        </title>
      </g>
      <g
        style="mix-blend-mode: multiply;"
      >
        <lineargradient
          gradientUnits="userSpaceOnUse"
          x1="477.5"
          x2="924"
        >
          <stop
            offset="0%"
            stop-color="#ff7f0e"
          />
          <stop
            offset="100%"
            stop-color="#2ca02c"
          />
        </lineargradient>
        <path
          d="M477.5,46.78840040103628C700.75,46.78840040103628,700.75,2.791170985808057,924,2.791170985808057"
          stroke="#ff7f0e"
          stroke-width="1"
        />
        <title>
          Bio-conversion → Liquid
1 TWh
        </title>
      </g>
      <g
        style="mix-blend-mode: multiply;"
      >
        <lineargradient
          gradientUnits="userSpaceOnUse"
          x1="477.5"
          x2="924"
        >
          <stop
            offset="0%"
            stop-color="#ff7f0e"
          />
          <stop
            offset="100%"
            stop-color="#d62728"
          />
        </lineargradient>
        <path
          d="M477.5,65.82714974182328C700.75,65.82714974182328,700.75,57.44068472371644,924,57.44068472371644"
          stroke="#ff7f0e"
          stroke-width="1.3630730773482629"
        />
        <title>
          Bio-conversion → Losses
27 TWh
        </title>
      </g>
      <g
        style="mix-blend-mode: multiply;"
      >
        <lineargradient
          gradientUnits="userSpaceOnUse"
          x1="477.5"
          x2="924"
        >
          <stop
            offset="0%"
            stop-color="#ff7f0e"
          />
          <stop
            offset="100%"
            stop-color="#9467bd"
          />
        </lineargradient>
        <path
          d="M477.5,53.91581321124394C700.75,53.91581321124394,700.75,25.529348193137114,924,25.529348193137114"
          stroke="#ff7f0e"
          stroke-width="14.224531724682443"
        />
        <title>
          Bio-conversion → Solid
280 TWh
        </title>
      </g>
      <g
        style="mix-blend-mode: multiply;"
      >
        <lineargradient
          gradientUnits="userSpaceOnUse"
          x1="477.5"
          x2="924"
        >
          <stop
            offset="0%"
            stop-color="#ff7f0e"
          />
          <stop
            offset="100%"
            stop-color="#8c564b"
          />
        </lineargradient>
        <path
          d="M477.5,63.08684613836715C700.75,63.08684613836715,700.75,44.70038112026033,924,44.70038112026033"
          stroke="#ff7f0e"
          stroke-width="4.117534129563974"
        />
        <title>
          Bio-conversion → Gas
81 TWh
        </title>
      </g>
      <g
        style="mix-blend-mode: multiply;"
      >
        <lineargradient
          gradientUnits="userSpaceOnUse"
          x1="16"
          x2="924"
        >
          <stop
            offset="0%"
            stop-color="#17becf"
          />
          <stop
            offset="100%"
            stop-color="#2ca02c"
          />
        </lineargradient>
        <path
          d="M16,1.903158966837247C470,1.903158966837247,470,1.8880120189707754,924,1.8880120189707754"
          stroke="#e377c2"
          stroke-width="1.7760240379416725"
        />
        <title>
          Biofuel imports → Liquid
35 TWh
        </title>
      </g>
      <g
        style="mix-blend-mode: multiply;"
      >
        <lineargradient
          gradientUnits="userSpaceOnUse"
          x1="16"
          x2="924"
        >
          <stop
            offset="0%"
            stop-color="#1f77b4"
          />
          <stop
            offset="100%"
            stop-color="#9467bd"
          />
        </lineargradient>
        <path
          d="M16,36.2230231503252C470,36.2230231503252,470,17.52907031182506,924,17.52907031182506"
          stroke="#7f7f7f"
          stroke-width="1.7760240379416725"
        />
        <title>
          Biomass imports → Solid
35 TWh
        </title>
      </g>
      <g
        style="mix-blend-mode: multiply;"
      >
        <lineargradient
          gradientUnits="userSpaceOnUse"
          x1="16"
          x2="462.5"
        >
          <stop
            offset="0%"
            stop-color="#17becf"
          />
          <stop
            offset="100%"
            stop-color="#17becf"
          />
        </lineargradient>
        <path
          d="M16,47.40549995478677C239.25,47.40549995478677,239.25,27.975786073944693,462.5,27.975786073944693"
          stroke="#bcbd22"
          stroke-width="1"
        />
        <title>
          Coal imports → Coal
12 TWh
        </title>
      </g>
      <g
        style="mix-blend-mode: multiply;"
      >
        <lineargradient
          gradientUnits="userSpaceOnUse"
          x1="16"
          x2="462.5"
        >
          <stop
            offset="0%"
            stop-color="#17becf"
          />
          <stop
            offset="100%"
            stop-color="#17becf"
          />
        </lineargradient>
        <path
          d="M16,23.71210573725523C239.25,23.71210573725523,239.25,26.058415894354837,462.5,26.058415894354837"
          stroke="#1f77b4"
          stroke-width="3.2458107881982596"
        />
        <title>
          Coal reserves → Coal
64 TWh
        </title>
      </g>
      <g
        style="mix-blend-mode: multiply;"
      >
        <lineargradient
          gradientUnits="userSpaceOnUse"
          x1="477.5"
          x2="924"
        >
          <stop
            offset="0%"
            stop-color="#17becf"
          />
          <stop
            offset="100%"
            stop-color="#9467bd"
          />
        </lineargradient>
        <path
          d="M477.5,26.352880679845565C700.75,26.352880679845565,700.75,14.723688113264362,924,14.723688113264362"
          stroke="#17becf"
          stroke-width="3.834740359179718"
        />
        <title>
          Coal → Solid
76 TWh
        </title>
      </g>
      <g
        style="mix-blend-mode: multiply;"
      >
        <lineargradient
          gradientUnits="userSpaceOnUse"
          x1="16"
          x2="924"
        >
          <stop
            offset="0%"
            stop-color="#ff7f0e"
          />
          <stop
            offset="100%"
            stop-color="#2ca02c"
          />
        </lineargradient>
        <path
          d="M16,179.23093969907612C470,179.23093969907612,470,88.63151850659327,924,88.63151850659327"
          stroke="#ff7f0e"
          stroke-width="1"
        />
        <title>
          District heating → Industry
11 TWh
        </title>
      </g>
      <g
        style="mix-blend-mode: multiply;"
      >
        <lineargradient
          gradientUnits="userSpaceOnUse"
          x1="16"
          x2="924"
        >
          <stop
            offset="0%"
            stop-color="#ff7f0e"
          />
          <stop
            offset="100%"
            stop-color="#d62728"
          />
        </lineargradient>
        <path
          d="M16,182.41540154264945C470,182.41540154264945,470,208.1899880571445,924,208.1899880571445"
          stroke="#ff7f0e"
          stroke-width="1.1419834563964952"
        />
        <title>
          District heating → Heating and cooling - commercial
23 TWh
        </title>
      </g>
      <g
        style="mix-blend-mode: multiply;"
      >
        <lineargradient
          gradientUnits="userSpaceOnUse"
          x1="16"
          x2="924"
        >
          <stop
            offset="0%"
            stop-color="#ff7f0e"
          />
          <stop
            offset="100%"
            stop-color="#d62728"
          />
        </lineargradient>
        <path
          d="M16,180.67263989776126C470,180.67263989776126,470,194.37394669390704,924,194.37394669390704"
          stroke="#ff7f0e"
          stroke-width="2.3435398333799484"
        />
        <title>
          District heating → Heating and cooling - homes
46 TWh
        </title>
      </g>
      <g
        style="mix-blend-mode: multiply;"
      >
        <lineargradient
          gradientUnits="userSpaceOnUse"
          x1="16"
          x2="924"
        >
          <stop
            offset="0%"
            stop-color="#2ca02c"
          />
          <stop
            offset="100%"
            stop-color="#9467bd"
          />
        </lineargradient>
        <path
          d="M16,115.10101305291764C470,115.10101305291764,470,101.55160648623301,924,101.55160648623301"
          stroke="#8c564b"
          stroke-width="5.300315395289187"
        />
        <title>
          Electricity grid → Over generation / exports
104 TWh
        </title>
      </g>
      <g
        style="mix-blend-mode: multiply;"
      >
        <lineargradient
          gradientUnits="userSpaceOnUse"
          x1="16"
          x2="924"
        >
          <stop
            offset="0%"
            stop-color="#2ca02c"
          />
          <stop
            offset="100%"
            stop-color="#d62728"
          />
        </lineargradient>
        <path
          d="M16,133.86615320477372C470,133.86615320477372,470,190.31674663808914,924,190.31674663808914"
          stroke="#8c564b"
          stroke-width="5.770860278255847"
        />
        <title>
          Electricity grid → Heating and cooling - homes
114 TWh
        </title>
      </g>
      <g
        style="mix-blend-mode: multiply;"
      >
        <lineargradient
          gradientUnits="userSpaceOnUse"
          x1="16"
          x2="924"
        >
          <stop
            offset="0%"
            stop-color="#2ca02c"
          />
          <stop
            offset="100%"
            stop-color="#bcbd22"
          />
        </lineargradient>
        <path
          d="M16,129.66925617248575C470,129.66925617248575,470,156.11984960580114,924,156.11984960580114"
          stroke="#8c564b"
          stroke-width="1.377179782563914"
        />
        <title>
          Electricity grid → H2 conversion
27 TWh
        </title>
      </g>
      <g
        style="mix-blend-mode: multiply;"
      >
        <lineargradient
          gradientUnits="userSpaceOnUse"
          x1="16"
          x2="924"
        >
          <stop
            offset="0%"
            stop-color="#2ca02c"
          />
          <stop
            offset="100%"
            stop-color="#2ca02c"
          />
        </lineargradient>
        <path
          d="M16,103.7695229989543C470,103.7695229989543,470,79.68025586827936,924,79.68025586827936"
          stroke="#8c564b"
          stroke-width="17.362664712637496"
        />
        <title>
          Electricity grid → Industry
342 TWh
        </title>
      </g>
      <g
        style="mix-blend-mode: multiply;"
      >
        <lineargradient
          gradientUnits="userSpaceOnUse"
          x1="16"
          x2="924"
        >
          <stop
            offset="0%"
            stop-color="#2ca02c"
          />
          <stop
            offset="100%"
            stop-color="#8c564b"
          />
        </lineargradient>
        <path
          d="M16,128.0216894160312C470,128.0216894160312,470,144.47228284934658,924,144.47228284934658"
          stroke="#8c564b"
          stroke-width="1.9179537303451826"
        />
        <title>
          Electricity grid → Road transport
38 TWh
        </title>
      </g>
      <g
        style="mix-blend-mode: multiply;"
      >
        <lineargradient
          gradientUnits="userSpaceOnUse"
          x1="16"
          x2="924"
        >
          <stop
            offset="0%"
            stop-color="#2ca02c"
          />
          <stop
            offset="100%"
            stop-color="#17becf"
          />
        </lineargradient>
        <path
          d="M16,130.46978632170195C470,130.46978632170195,470,166.92037975501736,924,166.92037975501736"
          stroke="#8c564b"
          stroke-width="1"
        />
        <title>
          Electricity grid → Agriculture
4 TWh
        </title>
      </g>
      <g
        style="mix-blend-mode: multiply;"
      >
        <lineargradient
          gradientUnits="userSpaceOnUse"
          x1="16"
          x2="924"
        >
          <stop
            offset="0%"
            stop-color="#2ca02c"
          />
          <stop
            offset="100%"
            stop-color="#d62728"
          />
        </lineargradient>
        <path
          d="M16,137.78822320307623C470,137.78822320307623,470,206.58235646977167,924,206.58235646977167"
          stroke="#8c564b"
          stroke-width="2.073279718349167"
        />
        <title>
          Electricity grid → Heating and cooling - commercial
41 TWh
        </title>
      </g>
      <g
        style="mix-blend-mode: multiply;"
      >
        <lineargradient
          gradientUnits="userSpaceOnUse"
          x1="16"
          x2="924"
        >
          <stop
            offset="0%"
            stop-color="#2ca02c"
          />
          <stop
            offset="100%"
            stop-color="#d62728"
          />
        </lineargradient>
        <path
          d="M16,93.64983951785052C470,93.64983951785052,470,59.56057238717559,924,59.56057238717559"
          stroke="#8c564b"
          stroke-width="2.8767022495700387"
        />
        <title>
          Electricity grid → Losses
57 TWh
        </title>
      </g>
      <g
        style="mix-blend-mode: multiply;"
      >
        <lineargradient
          gradientUnits="userSpaceOnUse"
          x1="16"
          x2="924"
        >
          <stop
            offset="0%"
            stop-color="#2ca02c"
          />
          <stop
            offset="100%"
            stop-color="#e377c2"
          />
        </lineargradient>
        <path
          d="M16,130.781224822641C470,130.781224822641,470,177.23181825595643,924,177.23181825595643"
          stroke="#8c564b"
          stroke-width="1"
        />
        <title>
          Electricity grid → Rail transport
8 TWh
        </title>
      </g>
      <g
        style="mix-blend-mode: multiply;"
      >
        <lineargradient
          gradientUnits="userSpaceOnUse"
          x1="16"
          x2="924"
        >
          <stop
            offset="0%"
            stop-color="#2ca02c"
          />
          <stop
            offset="100%"
            stop-color="#7f7f7f"
          />
        </lineargradient>
        <path
          d="M16,120.03483320209158C470,120.03483320209158,470,116.48542663540697,924,116.48542663540697"
          stroke="#8c564b"
          stroke-width="4.567324903058687"
        />
        <title>
          Electricity grid → Lighting & appliances - commercial
90 TWh
        </title>
      </g>
      <g
        style="mix-blend-mode: multiply;"
      >
        <lineargradient
          gradientUnits="userSpaceOnUse"
          x1="16"
          x2="924"
        >
          <stop
            offset="0%"
            stop-color="#2ca02c"
          />
          <stop
            offset="100%"
            stop-color="#7f7f7f"
          />
        </lineargradient>
        <path
          d="M16,124.69060410223977C470,124.69060410223977,470,131.14119753555514,924,131.14119753555514"
          stroke="#8c564b"
          stroke-width="4.744216897237678"
        />
        <title>
          Electricity grid → Lighting & appliances - homes
93 TWh
        </title>
      </g>
      <g
        style="mix-blend-mode: multiply;"
      >
        <lineargradient
          gradientUnits="userSpaceOnUse"
          x1="16"
          x2="924"
        >
          <stop
            offset="0%"
            stop-color="#8c564b"
          />
          <stop
            offset="100%"
            stop-color="#9467bd"
          />
        </lineargradient>
        <path
          d="M16,235.00000000000003C470,235.00000000000003,470,223.96688681712934,924,223.96688681712934"
          stroke="#d62728"
          stroke-width="2.066226365741342"
        />
        <title>
          Gas imports → Ngas
41 TWh
        </title>
      </g>
      <g
        style="mix-blend-mode: multiply;"
      >
        <lineargradient
          gradientUnits="userSpaceOnUse"
          x1="16"
          x2="924"
        >
          <stop
            offset="0%"
            stop-color="#8c564b"
          />
          <stop
            offset="100%"
            stop-color="#9467bd"
          />
        </lineargradient>
        <path
          d="M16,221.8804898926714C470,221.8804898926714,470,220.8473767098007,924,220.8473767098007"
          stroke="#8c564b"
          stroke-width="4.17279384891593"
        />
        <title>
          Gas reserves → Ngas
82 TWh
        </title>
      </g>
    </g>
    <g
      style="font: sans-serif 10px 10px;"
    >
      <text
        dy="0.35em"
        text-anchor="start"
        x="22"
        y="60.86456048639788"
      >
        Agricultural 'waste'
      </text>
      <text
        dy="0.35em"
        text-anchor="start"
        x="483.5"
        y="56.64096986683363"
      >
        Bio-conversion
      </text>
      <text
        dy="0.35em"
        text-anchor="end"
        x="918"
        y="1.9031589668372209"
      >
        Liquid
      </text>
      <text
        dy="0.35em"
        text-anchor="end"
        x="918"
        y="58.87903584850146"
      >
        Losses
      </text>
      <text
        dy="0.35em"
        text-anchor="end"
        x="918"
        y="22.723965994576425"
      >
        Solid
      </text>
      <text
        dy="0.35em"
        text-anchor="end"
        x="918"
        y="44.700381120260325"
      >
        Gas
      </text>
      <text
        dy="0.35em"
        text-anchor="start"
        x="22"
        y="1.9031589668372475"
      >
        Biofuel imports
      </text>
      <text
        dy="0.35em"
        text-anchor="start"
        x="22"
        y="36.223023150325204"
      >
        Biomass imports
      </text>
      <text
        dy="0.35em"
        text-anchor="start"
        x="22"
        y="47.40549995478677"
      >
        Coal imports
      </text>
      <text
        dy="0.35em"
        text-anchor="start"
        x="483.5"
        y="26.352880679845565"
      >
        Coal
      </text>
      <text
        dy="0.35em"
        text-anchor="start"
        x="22"
        y="23.71210573725523"
      >
        Coal reserves
      </text>
      <text
        dy="0.35em"
        text-anchor="start"
        x="22"
        y="180.97370134396436"
      >
        District heating
      </text>
      <text
        dy="0.35em"
        text-anchor="end"
        x="918"
        y="79.95018615027452"
      >
        Industry
      </text>
      <text
        dy="0.35em"
        text-anchor="end"
        x="918"
        y="207.1533481979699"
      >
        Heating and cooling - commercial
      </text>
      <text
        dy="0.35em"
        text-anchor="end"
        x="918"
        y="191.48851655477915"
      >
        Heating and cooling - homes
      </text>
      <text
        dy="0.35em"
        text-anchor="start"
        x="22"
        y="115.51817572765816"
      >
        Electricity grid
      </text>
      <text
        dy="0.35em"
        text-anchor="end"
        x="918"
        y="101.55160648623303"
      >
        Over generation / exports
      </text>
      <text
        dy="0.35em"
        text-anchor="end"
        x="918"
        y="156.11984960580114"
      >
        H2 conversion
      </text>
      <text
        dy="0.35em"
        text-anchor="end"
        x="918"
        y="144.47228284934658"
      >
        Road transport
      </text>
      <text
        dy="0.35em"
        text-anchor="end"
        x="918"
        y="166.92037975501736"
      >
        Agriculture
      </text>
      <text
        dy="0.35em"
        text-anchor="end"
        x="918"
        y="177.23181825595643"
      >
        Rail transport
      </text>
      <text
        dy="0.35em"
        text-anchor="end"
        x="918"
        y="116.48542663540697"
      >
        Lighting & appliances - commercial
      </text>
      <text
        dy="0.35em"
        text-anchor="end"
        x="918"
        y="131.14119753555514"
      >
        Lighting & appliances - homes
      </text>
      <text
        dy="0.35em"
        text-anchor="start"
        x="22"
        y="235.00000000000003"
      >
        Gas imports
      </text>
      <text
        dy="0.35em"
        text-anchor="end"
        x="918"
        y="221.88048989267133"
      >
        Ngas
      </text>
      <text
        dy="0.35em"
        text-anchor="start"
        x="22"
        y="221.8804898926714"
      >
        Gas reserves
      </text>
      <text
        dy="0.35em"
        text-anchor="end"
        x="918"
        y="235"
      >
        Thermal generation
      </text>
      <text
        dy="0.35em"
        text-anchor="end"
        x="918"
        y="245"
      >
        Geothermal
      </text>
      <text
        dy="0.35em"
        text-anchor="end"
        x="918"
        y="255"
      >
        H2
      </text>
      <text
        dy="0.35em"
        text-anchor="end"
        x="918"
        y="265"
      >
        Hydro
      </text>
      <text
        dy="0.35em"
        text-anchor="end"
        x="918"
        y="275"
      >
        International shipping
      </text>
      <text
        dy="0.35em"
        text-anchor="end"
        x="918"
        y="285"
      >
        Domestic aviation
      </text>
      <text
        dy="0.35em"
        text-anchor="end"
        x="918"
        y="295"
      >
        International aviation
      </text>
      <text
        dy="0.35em"
        text-anchor="end"
        x="918"
        y="305"
      >
        National navigation
      </text>
      <text
        dy="0.35em"
        text-anchor="end"
        x="918"
        y="315"
      >
        Marine algae
      </text>
      <text
        dy="0.35em"
        text-anchor="end"
        x="918"
        y="325"
      >
        Nuclear
      </text>
      <text
        dy="0.35em"
        text-anchor="end"
        x="918"
        y="335"
      >
        Oil imports
      </text>
      <text
        dy="0.35em"
        text-anchor="end"
        x="918"
        y="345"
      >
        Oil
      </text>
      <text
        dy="0.35em"
        text-anchor="end"
        x="918"
        y="355"
      >
        Oil reserves
      </text>
      <text
        dy="0.35em"
        text-anchor="end"
        x="918"
        y="365"
      >
        Other waste
      </text>
      <text
        dy="0.35em"
        text-anchor="end"
        x="918"
        y="375"
      >
        Pumped heat
      </text>
      <text
        dy="0.35em"
        text-anchor="end"
        x="918"
        y="385"
      >
        Solar PV
      </text>
      <text
        dy="0.35em"
        text-anchor="end"
        x="918"
        y="395"
      >
        Solar Thermal
      </text>
      <text
        dy="0.35em"
        text-anchor="end"
        x="918"
        y="405"
      >
        Solar
      </text>
      <text
        dy="0.35em"
        text-anchor="end"
        x="918"
        y="415"
      >
        Tidal
      </text>
      <text
        dy="0.35em"
        text-anchor="end"
        x="918"
        y="425"
      >
        UK land based bioenergy
      </text>
      <text
        dy="0.35em"
        text-anchor="end"
        x="918"
        y="435"
      >
        Wave
      </text>
      <text
        dy="0.35em"
        text-anchor="end"
        x="918"
        y="445"
      >
        Wind
      </text>
    </g>
  </svg>
</div>
`;
