// Jest Snapshot v1, https://goo.gl/fbAQLP

exports[`createHistogram should build a histogram 1`] = `
<div>
  <svg
    height="450"
    width="940"
  >
    <rect
      fill="steelblue"
      height="0"
      width="16.6"
      x="41"
      y="420"
    >
      <text
        color="white"
        height="30"
        text-anchor="middle"
        x="8.8"
        y="10"
      />
    </rect>
    <rect
      fill="steelblue"
      height="0"
      width="16.6"
      x="58.6"
      y="420"
    >
      <text
        color="white"
        height="30"
        text-anchor="middle"
        x="8.8"
        y="10"
      />
    </rect>
    <rect
      fill="steelblue"
      height="0"
      width="16.599999999999994"
      x="76.2"
      y="420"
    >
      <text
        color="white"
        height="30"
        text-anchor="middle"
        x="8.8"
        y="10"
      />
    </rect>
    <rect
      fill="steelblue"
      height="0"
      width="16.60000000000001"
      x="93.8"
      y="420"
    >
      <text
        color="white"
        height="30"
        text-anchor="middle"
        x="8.8"
        y="10"
      />
    </rect>
    <rect
      fill="steelblue"
      height="0"
      width="16.599999999999994"
      x="111.4"
      y="420"
    >
      <text
        color="white"
        height="30"
        text-anchor="middle"
        x="8.8"
        y="10"
      />
    </rect>
    <rect
      fill="steelblue"
      height="0"
      width="16.599999999999994"
      x="129"
      y="420"
    >
      <text
        color="white"
        height="30"
        text-anchor="middle"
        x="8.8"
        y="10"
      />
    </rect>
    <rect
      fill="steelblue"
      height="0"
      width="16.600000000000023"
      x="146.6"
      y="420"
    >
      <text
        color="white"
        height="30"
        text-anchor="middle"
        x="8.8"
        y="10"
      />
    </rect>
    <rect
      fill="steelblue"
      height="0"
      width="16.599999999999994"
      x="164.20000000000002"
      y="420"
    >
      <text
        color="white"
        height="30"
        text-anchor="middle"
        x="8.8"
        y="10"
      />
    </rect>
    <rect
      fill="steelblue"
      height="0"
      width="16.599999999999994"
      x="181.8"
      y="420"
    >
      <text
        color="white"
        height="30"
        text-anchor="middle"
        x="8.8"
        y="10"
      />
    </rect>
    <rect
      fill="steelblue"
      height="0"
      width="16.599999999999994"
      x="199.4"
      y="420"
    >
      <text
        color="white"
        height="30"
        text-anchor="middle"
        x="8.8"
        y="10"
      />
    </rect>
    <rect
      fill="steelblue"
      height="0"
      width="16.599999999999994"
      x="217"
      y="420"
    >
      <text
        color="white"
        height="30"
        text-anchor="middle"
        x="8.8"
        y="10"
      />
    </rect>
    <rect
      fill="steelblue"
      height="0"
      width="16.599999999999994"
      x="234.6"
      y="420"
    >
      <text
        color="white"
        height="30"
        text-anchor="middle"
        x="8.8"
        y="10"
      />
    </rect>
    <rect
      fill="steelblue"
      height="0"
      width="16.600000000000023"
      x="252.2"
      y="420"
    >
      <text
        color="white"
        height="30"
        text-anchor="middle"
        x="8.8"
        y="10"
      />
    </rect>
    <rect
      fill="steelblue"
      height="0"
      width="16.600000000000023"
      x="269.8"
      y="420"
    >
      <text
        color="white"
        height="30"
        text-anchor="middle"
        x="8.8"
        y="10"
      />
    </rect>
    <rect
      fill="steelblue"
      height="0"
      width="16.599999999999966"
      x="287.40000000000003"
      y="420"
    >
      <text
        color="white"
        height="30"
        text-anchor="middle"
        x="8.8"
        y="10"
      />
    </rect>
    <rect
      fill="steelblue"
      height="0"
      width="16.600000000000023"
      x="305"
      y="420"
    >
      <text
        color="white"
        height="30"
        text-anchor="middle"
        x="8.8"
        y="10"
      />
    </rect>
    <rect
      fill="steelblue"
      height="0"
      width="16.600000000000023"
      x="322.6"
      y="420"
    >
      <text
        color="white"
        height="30"
        text-anchor="middle"
        x="8.8"
        y="10"
      />
    </rect>
    <rect
      fill="steelblue"
      height="400"
      width="16.599999999999966"
      x="340.20000000000005"
      y="20"
    >
      <text
        color="white"
        height="430"
        text-anchor="middle"
        x="8.8"
        y="10"
      />
    </rect>
    <rect
      fill="steelblue"
      height="0"
      width="16.599999999999966"
      x="357.8"
      y="420"
    >
      <text
        color="white"
        height="30"
        text-anchor="middle"
        x="8.8"
        y="10"
      />
    </rect>
    <rect
      fill="steelblue"
      height="0"
      width="16.600000000000023"
      x="375.4"
      y="420"
    >
      <text
        color="white"
        height="30"
        text-anchor="middle"
        x="8.8"
        y="10"
      />
    </rect>
    <rect
      fill="steelblue"
      height="200"
      width="16.599999999999966"
      x="393"
      y="220"
    >
      <text
        color="white"
        height="230"
        text-anchor="middle"
        x="8.8"
        y="10"
      />
    </rect>
    <rect
      fill="steelblue"
      height="0"
      width="16.600000000000023"
      x="410.59999999999997"
      y="420"
    >
      <text
        color="white"
        height="30"
        text-anchor="middle"
        x="8.8"
        y="10"
      />
    </rect>
    <rect
      fill="steelblue"
      height="0"
      width="16.600000000000023"
      x="428.2"
      y="420"
    >
      <text
        color="white"
        height="30"
        text-anchor="middle"
        x="8.8"
        y="10"
      />
    </rect>
    <rect
      fill="steelblue"
      height="0"
      width="16.599999999999966"
      x="445.8"
      y="420"
    >
      <text
        color="white"
        height="30"
        text-anchor="middle"
        x="8.8"
        y="10"
      />
    </rect>
    <rect
      fill="steelblue"
      height="0"
      width="16.600000000000023"
      x="463.4"
      y="420"
    >
      <text
        color="white"
        height="30"
        text-anchor="middle"
        x="8.8"
        y="10"
      />
    </rect>
    <rect
      fill="steelblue"
      height="0"
      width="16.600000000000023"
      x="481"
      y="420"
    >
      <text
        color="white"
        height="30"
        text-anchor="middle"
        x="8.8"
        y="10"
      />
    </rect>
    <rect
      fill="steelblue"
      height="0"
      width="16.600000000000023"
      x="498.6"
      y="420"
    >
      <text
        color="white"
        height="30"
        text-anchor="middle"
        x="8.8"
        y="10"
      />
    </rect>
    <rect
      fill="steelblue"
      height="200"
      width="16.600000000000023"
      x="516.2"
      y="220"
    >
      <text
        color="white"
        height="230"
        text-anchor="middle"
        x="8.8"
        y="10"
      />
    </rect>
    <rect
      fill="steelblue"
      height="0"
      width="16.59999999999991"
      x="533.8000000000001"
      y="420"
    >
      <text
        color="white"
        height="30"
        text-anchor="middle"
        x="8.8"
        y="10"
      />
    </rect>
    <rect
      fill="steelblue"
      height="0"
      width="16.600000000000023"
      x="551.4"
      y="420"
    >
      <text
        color="white"
        height="30"
        text-anchor="middle"
        x="8.8"
        y="10"
      />
    </rect>
    <rect
      fill="steelblue"
      height="400"
      width="16.600000000000023"
      x="569"
      y="20"
    >
      <text
        color="white"
        height="430"
        text-anchor="middle"
        x="8.8"
        y="10"
      />
    </rect>
    <rect
      fill="steelblue"
      height="0"
      width="16.600000000000023"
      x="586.6"
      y="420"
    >
      <text
        color="white"
        height="30"
        text-anchor="middle"
        x="8.8"
        y="10"
      />
    </rect>
    <rect
      fill="steelblue"
      height="0"
      width="16.600000000000023"
      x="604.2"
      y="420"
    >
      <text
        color="white"
        height="30"
        text-anchor="middle"
        x="8.8"
        y="10"
      />
    </rect>
    <rect
      fill="steelblue"
      height="0"
      width="16.600000000000023"
      x="621.8000000000001"
      y="420"
    >
      <text
        color="white"
        height="30"
        text-anchor="middle"
        x="8.8"
        y="10"
      />
    </rect>
    <rect
      fill="steelblue"
      height="0"
      width="16.59999999999991"
      x="639.4000000000001"
      y="420"
    >
      <text
        color="white"
        height="30"
        text-anchor="middle"
        x="8.8"
        y="10"
      />
    </rect>
    <rect
      fill="steelblue"
      height="0"
      width="16.600000000000023"
      x="657"
      y="420"
    >
      <text
        color="white"
        height="30"
        text-anchor="middle"
        x="8.8"
        y="10"
      />
    </rect>
    <rect
      fill="steelblue"
      height="0"
      width="16.600000000000023"
      x="674.6"
      y="420"
    >
      <text
        color="white"
        height="30"
        text-anchor="middle"
        x="8.8"
        y="10"
      />
    </rect>
    <rect
      fill="steelblue"
      height="200"
      width="16.59999999999991"
      x="692.2"
      y="220"
    >
      <text
        color="white"
        height="230"
        text-anchor="middle"
        x="8.8"
        y="10"
      />
    </rect>
    <rect
      fill="steelblue"
      height="0"
      width="16.600000000000023"
      x="709.8"
      y="420"
    >
      <text
        color="white"
        height="30"
        text-anchor="middle"
        x="8.8"
        y="10"
      />
    </rect>
    <rect
      fill="steelblue"
      height="0"
      width="16.600000000000023"
      x="727.4"
      y="420"
    >
      <text
        color="white"
        height="30"
        text-anchor="middle"
        x="8.8"
        y="10"
      />
    </rect>
    <rect
      fill="steelblue"
      height="0"
      width="16.59999999999991"
      x="745"
      y="420"
    >
      <text
        color="white"
        height="30"
        text-anchor="middle"
        x="8.8"
        y="10"
      />
    </rect>
    <rect
      fill="steelblue"
      height="200"
      width="16.600000000000023"
      x="762.5999999999999"
      y="220"
    >
      <text
        color="white"
        height="230"
        text-anchor="middle"
        x="8.8"
        y="10"
      />
    </rect>
    <rect
      fill="steelblue"
      height="0"
      width="16.600000000000023"
      x="780.1999999999999"
      y="420"
    >
      <text
        color="white"
        height="30"
        text-anchor="middle"
        x="8.8"
        y="10"
      />
    </rect>
    <rect
      fill="steelblue"
      height="0"
      width="16.600000000000023"
      x="797.8"
      y="420"
    >
      <text
        color="white"
        height="30"
        text-anchor="middle"
        x="8.8"
        y="10"
      />
    </rect>
    <rect
      fill="steelblue"
      height="0"
      width="16.600000000000023"
      x="815.4"
      y="420"
    >
      <text
        color="white"
        height="30"
        text-anchor="middle"
        x="8.8"
        y="10"
      />
    </rect>
    <rect
      fill="steelblue"
      height="0"
      width="16.600000000000023"
      x="833"
      y="420"
    >
      <text
        color="white"
        height="30"
        text-anchor="middle"
        x="8.8"
        y="10"
      />
    </rect>
    <rect
      fill="steelblue"
      height="200"
      width="16.59999999999991"
      x="850.6"
      y="220"
    >
      <text
        color="white"
        height="230"
        text-anchor="middle"
        x="8.8"
        y="10"
      />
    </rect>
    <rect
      fill="steelblue"
      height="0"
      width="16.600000000000023"
      x="868.1999999999999"
      y="420"
    >
      <text
        color="white"
        height="30"
        text-anchor="middle"
        x="8.8"
        y="10"
      />
    </rect>
    <rect
      fill="steelblue"
      height="200"
      width="16.600000000000023"
      x="885.8"
      y="220"
    >
      <text
        color="white"
        height="230"
        text-anchor="middle"
        x="8.8"
        y="10"
      />
    </rect>
    <rect
      fill="steelblue"
      height="0"
      width="16.600000000000023"
      x="903.4"
      y="420"
    >
      <text
        color="white"
        height="30"
        text-anchor="middle"
        x="8.8"
        y="10"
      />
    </rect>
    <rect
      fill="steelblue"
      height="200"
      width="0"
      x="921"
      y="220"
    >
      <text
        color="white"
        height="230"
        text-anchor="middle"
        x="8.8"
        y="10"
      />
    </rect>
    <g
      fill="none"
      font-family="sans-serif"
      font-size="10"
      text-anchor="middle"
      transform="translate(0, 420)"
    >
      <path
        class="domain"
        d="M40.5,0.5H920.5"
        stroke="currentColor"
      />
      <g
        class="tick"
        opacity="1"
        transform="translate(40.5,0)"
      >
        <line
          stroke="currentColor"
          y2="6"
        />
        <text
          dy="0.71em"
          fill="currentColor"
          y="9"
        >
          0%
        </text>
      </g>
      <g
        class="tick"
        opacity="1"
        transform="translate(84.5,0)"
      >
        <line
          stroke="currentColor"
          y2="6"
        />
        <text
          dy="0.71em"
          fill="currentColor"
          y="9"
        >
          5%
        </text>
      </g>
      <g
        class="tick"
        opacity="1"
        transform="translate(128.5,0)"
      >
        <line
          stroke="currentColor"
          y2="6"
        />
        <text
          dy="0.71em"
          fill="currentColor"
          y="9"
        >
          10%
        </text>
      </g>
      <g
        class="tick"
        opacity="1"
        transform="translate(172.5,0)"
      >
        <line
          stroke="currentColor"
          y2="6"
        />
        <text
          dy="0.71em"
          fill="currentColor"
          y="9"
        >
          15%
        </text>
      </g>
      <g
        class="tick"
        opacity="1"
        transform="translate(216.5,0)"
      >
        <line
          stroke="currentColor"
          y2="6"
        />
        <text
          dy="0.71em"
          fill="currentColor"
          y="9"
        >
          20%
        </text>
      </g>
      <g
        class="tick"
        opacity="1"
        transform="translate(260.5,0)"
      >
        <line
          stroke="currentColor"
          y2="6"
        />
        <text
          dy="0.71em"
          fill="currentColor"
          y="9"
        >
          25%
        </text>
      </g>
      <g
        class="tick"
        opacity="1"
        transform="translate(304.5,0)"
      >
        <line
          stroke="currentColor"
          y2="6"
        />
        <text
          dy="0.71em"
          fill="currentColor"
          y="9"
        >
          30%
        </text>
      </g>
      <g
        class="tick"
        opacity="1"
        transform="translate(348.5,0)"
      >
        <line
          stroke="currentColor"
          y2="6"
        />
        <text
          dy="0.71em"
          fill="currentColor"
          y="9"
        >
          35%
        </text>
      </g>
      <g
        class="tick"
        opacity="1"
        transform="translate(392.5,0)"
      >
        <line
          stroke="currentColor"
          y2="6"
        />
        <text
          dy="0.71em"
          fill="currentColor"
          y="9"
        >
          40%
        </text>
      </g>
      <g
        class="tick"
        opacity="1"
        transform="translate(436.5,0)"
      >
        <line
          stroke="currentColor"
          y2="6"
        />
        <text
          dy="0.71em"
          fill="currentColor"
          y="9"
        >
          45%
        </text>
      </g>
      <g
        class="tick"
        opacity="1"
        transform="translate(480.5,0)"
      >
        <line
          stroke="currentColor"
          y2="6"
        />
        <text
          dy="0.71em"
          fill="currentColor"
          y="9"
        >
          50%
        </text>
      </g>
      <g
        class="tick"
        opacity="1"
        transform="translate(524.5,0)"
      >
        <line
          stroke="currentColor"
          y2="6"
        />
        <text
          dy="0.71em"
          fill="currentColor"
          y="9"
        >
          55%
        </text>
      </g>
      <g
        class="tick"
        opacity="1"
        transform="translate(568.5,0)"
      >
        <line
          stroke="currentColor"
          y2="6"
        />
        <text
          dy="0.71em"
          fill="currentColor"
          y="9"
        >
          60%
        </text>
      </g>
      <g
        class="tick"
        opacity="1"
        transform="translate(612.5,0)"
      >
        <line
          stroke="currentColor"
          y2="6"
        />
        <text
          dy="0.71em"
          fill="currentColor"
          y="9"
        >
          65%
        </text>
      </g>
      <g
        class="tick"
        opacity="1"
        transform="translate(656.5,0)"
      >
        <line
          stroke="currentColor"
          y2="6"
        />
        <text
          dy="0.71em"
          fill="currentColor"
          y="9"
        >
          70%
        </text>
      </g>
      <g
        class="tick"
        opacity="1"
        transform="translate(700.5,0)"
      >
        <line
          stroke="currentColor"
          y2="6"
        />
        <text
          dy="0.71em"
          fill="currentColor"
          y="9"
        >
          75%
        </text>
      </g>
      <g
        class="tick"
        opacity="1"
        transform="translate(744.5,0)"
      >
        <line
          stroke="currentColor"
          y2="6"
        />
        <text
          dy="0.71em"
          fill="currentColor"
          y="9"
        >
          80%
        </text>
      </g>
      <g
        class="tick"
        opacity="1"
        transform="translate(788.5,0)"
      >
        <line
          stroke="currentColor"
          y2="6"
        />
        <text
          dy="0.71em"
          fill="currentColor"
          y="9"
        >
          85%
        </text>
      </g>
      <g
        class="tick"
        opacity="1"
        transform="translate(832.5,0)"
      >
        <line
          stroke="currentColor"
          y2="6"
        />
        <text
          dy="0.71em"
          fill="currentColor"
          y="9"
        >
          90%
        </text>
      </g>
      <g
        class="tick"
        opacity="1"
        transform="translate(876.5,0)"
      >
        <line
          stroke="currentColor"
          y2="6"
        />
        <text
          dy="0.71em"
          fill="currentColor"
          y="9"
        >
          95%
        </text>
      </g>
      <g
        class="tick"
        opacity="1"
        transform="translate(920.5,0)"
      >
        <line
          stroke="currentColor"
          y2="6"
        />
        <text
          dy="0.71em"
          fill="currentColor"
          y="9"
        >
          100%
        </text>
      </g>
      <text
        fill="#000"
        text-anchor="end"
        x="920"
        y="-4"
      />
    </g>
    <g
      class="axis"
      fill="none"
      font-family="sans-serif"
      font-size="10"
      text-anchor="end"
      transform="translate(40,0)"
    >
      <g
        class="tick"
        opacity="1"
        transform="translate(0,420.5)"
      >
        <line
          stroke="currentColor"
          x2="940"
        />
        <text
          dy="0.32em"
          fill="currentColor"
          x="-3"
        >
          0.0
        </text>
      </g>
      <g
        class="tick"
        opacity="1"
        transform="translate(0,320.5)"
      >
        <line
          stroke="currentColor"
          x2="940"
        />
        <text
          dy="0.32em"
          fill="currentColor"
          x="-3"
        >
          0.5
        </text>
      </g>
      <g
        class="tick"
        opacity="1"
        transform="translate(0,220.5)"
      >
        <line
          stroke="currentColor"
          x2="940"
        />
        <text
          dy="0.32em"
          fill="currentColor"
          x="-3"
        >
          1.0
        </text>
      </g>
      <g
        class="tick"
        opacity="1"
        transform="translate(0,120.5)"
      >
        <line
          stroke="currentColor"
          x2="940"
        />
        <text
          dy="0.32em"
          fill="currentColor"
          x="-3"
        >
          1.5
        </text>
      </g>
      <g
        class="tick"
        opacity="1"
        transform="translate(0,20.5)"
      >
        <line
          stroke="currentColor"
          x2="940"
        />
        <text
          dy="0.32em"
          fill="currentColor"
          x="-3"
        >
          2.0
        </text>
        <text
          dy="-4"
          fill="#000"
          text-anchor="start"
          x="4"
        />
      </g>
    </g>
  </svg>
</div>
`;
