// Jest Snapshot v1, https://goo.gl/fbAQLP

exports[`createScatterplot should build a scatter plot 1`] = `
<div>
  <svg
    height="450"
    width="940"
  >
    <circle
      cx="128"
      cy="380"
      r="3"
    />
    <circle
      cx="128"
      cy="376"
      r="3"
    />
    <circle
      cx="136.8"
      cy="380"
      r="3"
    />
    <circle
      cx="304"
      cy="300"
      r="3"
    />
    <circle
      cx="656"
      cy="156"
      r="3"
    />
    <circle
      cx="832"
      cy="60"
      r="3"
    />
    <circle
      cx="920"
      cy="64"
      r="3"
    />
    <circle
      cx="392"
      cy="112"
      r="3"
    />
    <circle
      cx="568"
      cy="144"
      r="3"
    />
    <g
      fill="none"
      font-family="sans-serif"
      font-size="10"
      text-anchor="middle"
      transform="translate(0, 420)"
    >
      <path
        class="domain"
        d="M40.5,0.5H920.5"
        stroke="currentColor"
      />
      <g
        class="tick"
        opacity="1"
        transform="translate(40.5,0)"
      >
        <line
          stroke="currentColor"
          y2="6"
        />
        <text
          dy="0.71em"
          fill="currentColor"
          y="9"
        >
          0%
        </text>
      </g>
      <g
        class="tick"
        opacity="1"
        transform="translate(128.5,0)"
      >
        <line
          stroke="currentColor"
          y2="6"
        />
        <text
          dy="0.71em"
          fill="currentColor"
          y="9"
        >
          10%
        </text>
      </g>
      <g
        class="tick"
        opacity="1"
        transform="translate(216.5,0)"
      >
        <line
          stroke="currentColor"
          y2="6"
        />
        <text
          dy="0.71em"
          fill="currentColor"
          y="9"
        >
          20%
        </text>
      </g>
      <g
        class="tick"
        opacity="1"
        transform="translate(304.5,0)"
      >
        <line
          stroke="currentColor"
          y2="6"
        />
        <text
          dy="0.71em"
          fill="currentColor"
          y="9"
        >
          30%
        </text>
      </g>
      <g
        class="tick"
        opacity="1"
        transform="translate(392.5,0)"
      >
        <line
          stroke="currentColor"
          y2="6"
        />
        <text
          dy="0.71em"
          fill="currentColor"
          y="9"
        >
          40%
        </text>
      </g>
      <g
        class="tick"
        opacity="1"
        transform="translate(480.5,0)"
      >
        <line
          stroke="currentColor"
          y2="6"
        />
        <text
          dy="0.71em"
          fill="currentColor"
          y="9"
        >
          50%
        </text>
      </g>
      <g
        class="tick"
        opacity="1"
        transform="translate(568.5,0)"
      >
        <line
          stroke="currentColor"
          y2="6"
        />
        <text
          dy="0.71em"
          fill="currentColor"
          y="9"
        >
          60%
        </text>
      </g>
      <g
        class="tick"
        opacity="1"
        transform="translate(656.5,0)"
      >
        <line
          stroke="currentColor"
          y2="6"
        />
        <text
          dy="0.71em"
          fill="currentColor"
          y="9"
        >
          70%
        </text>
      </g>
      <g
        class="tick"
        opacity="1"
        transform="translate(744.5,0)"
      >
        <line
          stroke="currentColor"
          y2="6"
        />
        <text
          dy="0.71em"
          fill="currentColor"
          y="9"
        >
          80%
        </text>
      </g>
      <g
        class="tick"
        opacity="1"
        transform="translate(832.5,0)"
      >
        <line
          stroke="currentColor"
          y2="6"
        />
        <text
          dy="0.71em"
          fill="currentColor"
          y="9"
        >
          90%
        </text>
      </g>
      <g
        class="tick"
        opacity="1"
        transform="translate(920.5,0)"
      >
        <line
          stroke="currentColor"
          y2="6"
        />
        <text
          dy="0.71em"
          fill="currentColor"
          y="9"
        >
          100%
        </text>
      </g>
      <text
        fill="#000"
        text-anchor="end"
        x="920"
        y="-4"
      />
    </g>
    <g
      class="axis"
      fill="none"
      font-family="sans-serif"
      font-size="10"
      text-anchor="end"
      transform="translate(40,0)"
    >
      <g
        class="tick"
        opacity="1"
        transform="translate(0,420.5)"
      >
        <line
          stroke="currentColor"
          x2="940"
        />
        <text
          dy="0.32em"
          fill="currentColor"
          x="-3"
        >
          0
        </text>
      </g>
      <g
        class="tick"
        opacity="1"
        transform="translate(0,340.5)"
      >
        <line
          stroke="currentColor"
          x2="940"
        />
        <text
          dy="0.32em"
          fill="currentColor"
          x="-3"
        >
          20
        </text>
      </g>
      <g
        class="tick"
        opacity="1"
        transform="translate(0,260.5)"
      >
        <line
          stroke="currentColor"
          x2="940"
        />
        <text
          dy="0.32em"
          fill="currentColor"
          x="-3"
        >
          40
        </text>
      </g>
      <g
        class="tick"
        opacity="1"
        transform="translate(0,180.5)"
      >
        <line
          stroke="currentColor"
          x2="940"
        />
        <text
          dy="0.32em"
          fill="currentColor"
          x="-3"
        >
          60
        </text>
      </g>
      <g
        class="tick"
        opacity="1"
        transform="translate(0,100.5)"
      >
        <line
          stroke="currentColor"
          x2="940"
        />
        <text
          dy="0.32em"
          fill="currentColor"
          x="-3"
        >
          80
        </text>
      </g>
      <g
        class="tick"
        opacity="1"
        transform="translate(0,20.5)"
      >
        <line
          stroke="currentColor"
          x2="940"
        />
        <text
          dy="0.32em"
          fill="currentColor"
          x="-3"
        >
          100
        </text>
        <text
          dy="-4"
          fill="#000"
          text-anchor="start"
          x="5"
        />
      </g>
    </g>
  </svg>
</div>
`;
