// Jest Snapshot v1, https://goo.gl/fbAQLP

exports[`renders correctly 1`] = `
<div
  style={
    Object {
      "color": "blue",
      "display": "inline-block",
      "left": "0",
      "position": "absolute",
      "right": "75%",
      "textAlign": "right",
      "top": "59px",
      "width": "75%",
      "zIndex": "2",
    }
  }
>
   
  Current: 75.0
   
</div>
`;
