// Jest Snapshot v1, https://jestjs.io/docs/snapshot-testing

exports[`renders correctly 1`] = `
<div
  style={
    {
      "color": "blue",
      "display": "inline-block",
      "left": "0",
      "lineHeight": "90%",
      "position": "absolute",
      "right": "75%",
      "textAlign": "right",
      "top": "59px",
      "width": "75%",
      "zIndex": "2",
    }
  }
>
   
  Current: 75.0
   
</div>
`;
