// Jest Snapshot v1, https://goo.gl/fbAQLP

exports[`renders correctly 1`] = `
<div
  style={
    Object {
      "color": "blue",
      "display": "inline-block",
      "left": "undefined%",
      "position": "absolute",
      "right": "",
      "textAlign": "left",
      "top": 0,
      "width": "",
      "zIndex": "0",
    }
  }
>
   
  Hello world
   
</div>
`;
