// Jest Snapshot v1, https://goo.gl/fbAQLP

exports[`renders correctly 1`] = `
<div
  className="ProgressBarV2-outOfBar-3"
  style={
    Object {
      "float": "left",
      "height": "10px",
      "margin": "0px",
      "position": "relative",
      "width": "90%",
    }
  }
  tabIndex="0"
>
  <div>
    <div
      style={
        Object {
          "backgroundColor": "steelblue",
          "display": "inline-block",
          "height": "12px",
          "left": "80%",
          "marginBottom": 0,
          "marginTop": 0,
          "position": "absolute",
          "width": "2px",
          "zIndex": 1,
        }
      }
    />
    <div
      style={
        Object {
          "color": "steelblue",
          "display": "inline-block",
          "left": "0",
          "position": "absolute",
          "right": "80%",
          "textAlign": "right",
          "top": 0,
          "width": "80%",
          "zIndex": "0",
        }
      }
    >
       
      Current: 80%
       
    </div>
  </div>
  <div>
    <div
      style={
        Object {
          "backgroundColor": "green",
          "display": "inline-block",
          "height": "12px",
          "left": "40%",
          "marginBottom": 0,
          "marginTop": 0,
          "position": "absolute",
          "width": "2px",
          "zIndex": 1,
        }
      }
    />
    <div
      style={
        Object {
          "color": "green",
          "display": "inline-block",
          "left": "0",
          "position": "absolute",
          "right": "40%",
          "textAlign": "right",
          "top": 0,
          "width": "40%",
          "zIndex": "0",
        }
      }
    >
       
      Goal: 40%
       
    </div>
  </div>
  <div>
    <div
      style={
        Object {
          "backgroundColor": "grey",
          "display": "inline-block",
          "height": "12px",
          "left": "23%",
          "marginBottom": 0,
          "marginTop": 0,
          "position": "absolute",
          "width": "2px",
          "zIndex": 1,
        }
      }
    />
    <div
      style={
        Object {
          "color": "grey",
          "display": "inline-block",
          "left": "23%",
          "position": "absolute",
          "right": "",
          "textAlign": "left",
          "top": 0,
          "width": "",
          "zIndex": "0",
        }
      }
    >
       
      Max Possible: 23%
       
    </div>
  </div>
  <div
    className="ProgressBarV2-gradedBar-1"
    style={
      Object {
        "display": "inline-block",
        "height": "10px",
        "position": "absolute",
        "width": "85%",
      }
    }
  />
</div>
`;
