// Jest Snapshot v1, https://jestjs.io/docs/snapshot-testing

exports[`renders correctly 1`] = `
<div
  className="css-y31o41"
>
  <div
    className="ProgressBarV2-outOfBar"
    onBlur={[Function]}
    onFocus={[Function]}
    style={
      {
        "height": "10px",
        "margin": undefined,
        "position": "relative",
        "width": "100%",
      }
    }
  >
    <div>
      <div
        style={
          {
            "backgroundColor": "steelblue",
            "display": "inline-block",
            "height": "30px",
            "left": "80%",
            "marginBottom": "-20px",
            "marginTop": "0",
            "position": "absolute",
            "width": "2px",
            "zIndex": 1,
          }
        }
      />
      <div
        style={
          {
            "color": "steelblue",
            "display": "inline-block",
            "left": "0",
            "lineHeight": "90%",
            "position": "absolute",
            "right": "80%",
            "textAlign": "right",
            "top": "17px",
            "width": "80%",
            "zIndex": "2",
          }
        }
      >
         
        Current: 80%
         
      </div>
    </div>
    <div>
      <div
        style={
          {
            "backgroundColor": "green",
            "display": "inline-block",
            "height": "30px",
            "left": "40%",
            "marginBottom": "0",
            "marginTop": "-20px",
            "position": "absolute",
            "width": "2px",
            "zIndex": 1,
          }
        }
      />
      <div
        style={
          {
            "color": "green",
            "display": "inline-block",
            "left": "0",
            "lineHeight": "90%",
            "position": "absolute",
            "right": "40%",
            "textAlign": "right",
            "top": "-20px",
            "width": "40%",
            "zIndex": "3",
          }
        }
      >
         
        Goal: 40%
         
      </div>
    </div>
    <div>
      <div
        style={
          {
            "backgroundColor": "grey",
            "display": "inline-block",
            "height": "50px",
            "left": "23%",
            "marginBottom": "-20px",
            "marginTop": "0",
            "position": "absolute",
            "width": "2px",
            "zIndex": 1,
          }
        }
      />
      <div
        style={
          {
            "color": "grey",
            "display": "inline-block",
            "left": "23%",
            "lineHeight": "90%",
            "position": "absolute",
            "right": "0",
            "textAlign": "left",
            "top": "37px",
            "width": "",
            "zIndex": "1",
          }
        }
      >
         
        Max Possible: 23%
         
      </div>
    </div>
    <div
      className="ProgressBarV2-gradedBar"
      style={
        {
          "display": "inline-block",
          "height": "10px",
          "position": "absolute",
          "width": "85%",
        }
      }
    />
  </div>
</div>
`;
